test-integration
+- run test stderr
[PROGRESS] buildRegions: Created 1 regions
[PROGRESS] buildContours: Finding boundaries...
[PROGRESS] buildContours: Walking contours...
[PROGRESS] buildContours: Checking for holes...
[PROGRESS] buildContours: Created 1 contours
[PROGRESS] buildPolyMesh: max_vertices=4, max_tris=2
[PROGRESS] buildPolyMesh: Created mesh with 4 vertices and 2 polygons
[PROGRESS] buildRegions: Created 1 regions
[PROGRESS] buildContours: Finding boundaries...
[PROGRESS] buildContours: Walking contours...
[PROGRESS] buildContours: Checking for holes...
[PROGRESS] buildContours: Created 1 contours
[PROGRESS] buildPolyMesh: max_vertices=4, max_tris=2
[PROGRESS] buildPolyMesh: Created mesh with 4 vertices and 2 polygons
[PROGRESS] buildRegions: Created 1 regions
[PROGRESS] buildContours: Finding boundaries...
[PROGRESS] buildContours: Walking contours...
[PROGRESS] buildContours: Checking for holes...
[PROGRESS] buildContours: Created 1 contours
[PROGRESS] buildPolyMesh: max_vertices=4, max_tris=2
[PROGRESS] buildPolyMesh: Created mesh with 4 vertices and 2 polygons
